Last login: Mon Feb 23 18:37:35 on ttys000
dan@MacBookPro ~ % cd Desktop
dan@MacBookPro Desktop % mkdir multi-disease-prediction 
dan@MacBookPro Desktop % cd multi-disease-prediction
dan@MacBookPro multi-disease-prediction % mkdir data data\raw data\processed notebooks src docs presentations logs models models\scalers
dan@MacBookPro multi-disease-prediction % mkdir -p data/raw data/processed notebooks src docs presentations logs models/scalers
dan@MacBookPro multi-disease-prediction % install.sh
zsh: command not found: install.sh
dan@MacBookPro multi-disease-prediction % #!/bin/bash
echo "Installing required libraries..."
pip install pandas numpy matplotlib seaborn scikit-learn imbalanced-learn jupyter flask joblib
echo "Done!"
zsh: event not found: /bin/bash
dan@MacBookPro multi-disease-prediction % bash install.sh
bash: install.sh: No such file or directory
dan@MacBookPro multi-disease-prediction % #!/bin/bash
echo "Installing required libraries..."
pip install pandas numpy matplotlib seaborn scikit-learn imbalanced-learn jupyter flask joblib
echo "Done!"
zsh: event not found: /bin/bash
dan@MacBookPro multi-disease-prediction % @echo off
echo Installing required libraries...
pip install pandas numpy matplotlib seaborn scikit-learn imbalanced-learn jupyter flask joblib
echo Done!
pause
zsh: command not found: @echo
Installing required libraries...
zsh: command not found: pip
Done!
zsh: command not found: pause
dan@MacBookPro multi-disease-prediction % #!/bin/bash
echo "Installing required libraries..."
pip install pandas numpy matplotlib seaborn scikit-learn imbalanced-learn jupyter flask joblib
echo "Done!"
zsh: event not found: /bin/bash
dan@MacBookPro multi-disease-prediction % python3 --version
Python 3.13.2
dan@MacBookPro multi-disease-prediction % pip3 install pandas numpy matplotlib seaborn scikit-learn imbalanced-learn jupyter flask joblib
Collecting pandas
  Downloading pandas-3.0.1-cp313-cp313-macosx_10_13_x86_64.whl.metadata (79 kB)
Collecting numpy
  Downloading numpy-2.4.2-cp313-cp313-macosx_14_0_x86_64.whl.metadata (6.6 kB)
Collecting matplotlib
  Downloading matplotlib-3.10.8-cp313-cp313-macosx_10_13_x86_64.whl.metadata (52 kB)
Collecting seaborn
  Downloading seaborn-0.13.2-py3-none-any.whl.metadata (5.4 kB)
Collecting scikit-learn
  Downloading scikit_learn-1.8.0-cp313-cp313-macosx_10_13_x86_64.whl.metadata (11 kB)
Collecting imbalanced-learn
  Downloading imbalanced_learn-0.14.1-py3-none-any.whl.metadata (8.9 kB)
Collecting jupyter
  Downloading jupyter-1.1.1-py2.py3-none-any.whl.metadata (2.0 kB)
Collecting flask
  Downloading flask-3.1.3-py3-none-any.whl.metadata (3.2 kB)
Collecting joblib
  Downloading joblib-1.5.3-py3-none-any.whl.metadata (5.5 kB)
Collecting python-dateutil>=2.8.2 (from pandas)
  Downloading python_dateutil-2.9.0.post0-py2.py3-none-any.whl.metadata (8.4 kB)
Collecting contourpy>=1.0.1 (from matplotlib)
  Downloading contourpy-1.3.3-cp313-cp313-macosx_10_13_x86_64.whl.metadata (5.5 kB)
Collecting cycler>=0.10 (from matplotlib)
  Downloading cycler-0.12.1-py3-none-any.whl.metadata (3.8 kB)
Collecting fonttools>=4.22.0 (from matplotlib)
  Downloading fonttools-4.61.1-cp313-cp313-macosx_10_13_x86_64.whl.metadata (114 kB)
Collecting kiwisolver>=1.3.1 (from matplotlib)
  Downloading kiwisolver-1.4.9-cp313-cp313-macosx_10_13_x86_64.whl.metadata (6.3 kB)
Collecting packaging>=20.0 (from matplotlib)
  Downloading packaging-26.0-py3-none-any.whl.metadata (3.3 kB)
Collecting pillow>=8 (from matplotlib)
  Downloading pillow-12.1.1-cp313-cp313-macosx_10_13_x86_64.whl.metadata (8.8 kB)
Collecting pyparsing>=3 (from matplotlib)
  Downloading pyparsing-3.3.2-py3-none-any.whl.metadata (5.8 kB)
Collecting scipy>=1.10.0 (from scikit-learn)
  Downloading scipy-1.17.1-cp313-cp313-macosx_14_0_x86_64.whl.metadata (62 kB)
Collecting threadpoolctl>=3.2.0 (from scikit-learn)
  Downloading threadpoolctl-3.6.0-py3-none-any.whl.metadata (13 kB)
Collecting sklearn-compat<0.2,>=0.1.5 (from imbalanced-learn)
  Downloading sklearn_compat-0.1.5-py3-none-any.whl.metadata (20 kB)
Collecting notebook (from jupyter)
  Downloading notebook-7.5.3-py3-none-any.whl.metadata (10 kB)
Collecting jupyter-console (from jupyter)
  Downloading jupyter_console-6.6.3-py3-none-any.whl.metadata (5.8 kB)
Collecting nbconvert (from jupyter)
  Downloading nbconvert-7.17.0-py3-none-any.whl.metadata (8.4 kB)
Collecting ipykernel (from jupyter)
  Downloading ipykernel-7.2.0-py3-none-any.whl.metadata (4.5 kB)
Collecting ipywidgets (from jupyter)
  Downloading ipywidgets-8.1.8-py3-none-any.whl.metadata (2.4 kB)
Collecting jupyterlab (from jupyter)
  Downloading jupyterlab-4.5.4-py3-none-any.whl.metadata (16 kB)
Collecting blinker>=1.9.0 (from flask)
  Using cached blinker-1.9.0-py3-none-any.whl.metadata (1.6 kB)
Collecting click>=8.1.3 (from flask)
  Downloading click-8.3.1-py3-none-any.whl.metadata (2.6 kB)
Collecting itsdangerous>=2.2.0 (from flask)
  Using cached itsdangerous-2.2.0-py3-none-any.whl.metadata (1.9 kB)
Collecting jinja2>=3.1.2 (from flask)
  Using cached jinja2-3.1.6-py3-none-any.whl.metadata (2.9 kB)
Collecting markupsafe>=2.1.1 (from flask)
  Downloading markupsafe-3.0.3-cp313-cp313-macosx_10_13_x86_64.whl.metadata (2.7 kB)
Collecting werkzeug>=3.1.0 (from flask)
  Downloading werkzeug-3.1.6-py3-none-any.whl.metadata (4.0 kB)
Collecting six>=1.5 (from python-dateutil>=2.8.2->pandas)
  Downloading six-1.17.0-py2.py3-none-any.whl.metadata (1.7 kB)
Collecting appnope>=0.1.2 (from ipykernel->jupyter)
  Downloading appnope-0.1.4-py2.py3-none-any.whl.metadata (908 bytes)
Collecting comm>=0.1.1 (from ipykernel->jupyter)
  Downloading comm-0.2.3-py3-none-any.whl.metadata (3.7 kB)
Collecting debugpy>=1.6.5 (from ipykernel->jupyter)
  Downloading debugpy-1.8.20-cp313-cp313-macosx_15_0_universal2.whl.metadata (1.4 kB)
Collecting ipython>=7.23.1 (from ipykernel->jupyter)
  Downloading ipython-9.10.0-py3-none-any.whl.metadata (4.6 kB)
Collecting jupyter-client>=8.8.0 (from ipykernel->jupyter)
  Downloading jupyter_client-8.8.0-py3-none-any.whl.metadata (8.4 kB)
Collecting jupyter-core!=6.0.*,>=5.1 (from ipykernel->jupyter)
  Downloading jupyter_core-5.9.1-py3-none-any.whl.metadata (1.5 kB)
Collecting matplotlib-inline>=0.1 (from ipykernel->jupyter)
  Downloading matplotlib_inline-0.2.1-py3-none-any.whl.metadata (2.3 kB)
Collecting nest-asyncio>=1.4 (from ipykernel->jupyter)
  Downloading nest_asyncio-1.6.0-py3-none-any.whl.metadata (2.8 kB)
Collecting psutil>=5.7 (from ipykernel->jupyter)
  Downloading psutil-7.2.2-cp36-abi3-macosx_10_9_x86_64.whl.metadata (22 kB)
Collecting pyzmq>=25 (from ipykernel->jupyter)
  Downloading pyzmq-27.1.0-cp312-abi3-macosx_10_15_universal2.whl.metadata (6.0 kB)
Collecting tornado>=6.4.1 (from ipykernel->jupyter)
  Downloading tornado-6.5.4-cp39-abi3-macosx_10_9_x86_64.whl.metadata (2.8 kB)
Collecting traitlets>=5.4.0 (from ipykernel->jupyter)
  Downloading traitlets-5.14.3-py3-none-any.whl.metadata (10 kB)
Collecting widgetsnbextension~=4.0.14 (from ipywidgets->jupyter)
  Downloading widgetsnbextension-4.0.15-py3-none-any.whl.metadata (1.6 kB)
Collecting jupyterlab_widgets~=3.0.15 (from ipywidgets->jupyter)
  Downloading jupyterlab_widgets-3.0.16-py3-none-any.whl.metadata (20 kB)
Collecting prompt-toolkit>=3.0.30 (from jupyter-console->jupyter)
  Downloading prompt_toolkit-3.0.52-py3-none-any.whl.metadata (6.4 kB)
Collecting pygments (from jupyter-console->jupyter)
  Downloading pygments-2.19.2-py3-none-any.whl.metadata (2.5 kB)
Collecting async-lru>=1.0.0 (from jupyterlab->jupyter)
  Downloading async_lru-2.2.0-py3-none-any.whl.metadata (7.2 kB)
Collecting httpx<1,>=0.25.0 (from jupyterlab->jupyter)
  Downloading httpx-0.28.1-py3-none-any.whl.metadata (7.1 kB)
Collecting jupyter-lsp>=2.0.0 (from jupyterlab->jupyter)
  Downloading jupyter_lsp-2.3.0-py3-none-any.whl.metadata (1.8 kB)
Collecting jupyter-server<3,>=2.4.0 (from jupyterlab->jupyter)
  Downloading jupyter_server-2.17.0-py3-none-any.whl.metadata (8.5 kB)
Collecting jupyterlab-server<3,>=2.28.0 (from jupyterlab->jupyter)
  Downloading jupyterlab_server-2.28.0-py3-none-any.whl.metadata (5.9 kB)
Collecting notebook-shim>=0.2 (from jupyterlab->jupyter)
  Downloading notebook_shim-0.2.4-py3-none-any.whl.metadata (4.0 kB)
Collecting setuptools>=41.1.0 (from jupyterlab->jupyter)
  Downloading setuptools-82.0.0-py3-none-any.whl.metadata (6.6 kB)
Collecting beautifulsoup4 (from nbconvert->jupyter)
  Downloading beautifulsoup4-4.14.3-py3-none-any.whl.metadata (3.8 kB)
Collecting bleach!=5.0.0 (from bleach[css]!=5.0.0->nbconvert->jupyter)
  Downloading bleach-6.3.0-py3-none-any.whl.metadata (31 kB)
Collecting defusedxml (from nbconvert->jupyter)
  Downloading defusedxml-0.7.1-py2.py3-none-any.whl.metadata (32 kB)
Collecting jupyterlab-pygments (from nbconvert->jupyter)
  Downloading jupyterlab_pygments-0.3.0-py3-none-any.whl.metadata (4.4 kB)
Collecting mistune<4,>=2.0.3 (from nbconvert->jupyter)
  Downloading mistune-3.2.0-py3-none-any.whl.metadata (1.9 kB)
Collecting nbclient>=0.5.0 (from nbconvert->jupyter)
  Downloading nbclient-0.10.4-py3-none-any.whl.metadata (8.3 kB)
Collecting nbformat>=5.7 (from nbconvert->jupyter)
  Downloading nbformat-5.10.4-py3-none-any.whl.metadata (3.6 kB)
Collecting pandocfilters>=1.4.1 (from nbconvert->jupyter)
  Downloading pandocfilters-1.5.1-py2.py3-none-any.whl.metadata (9.0 kB)
Collecting webencodings (from bleach!=5.0.0->bleach[css]!=5.0.0->nbconvert->jupyter)
  Downloading webencodings-0.5.1-py2.py3-none-any.whl.metadata (2.1 kB)
Collecting tinycss2<1.5,>=1.1.0 (from bleach[css]!=5.0.0->nbconvert->jupyter)
  Downloading tinycss2-1.4.0-py3-none-any.whl.metadata (3.0 kB)
Collecting anyio (from httpx<1,>=0.25.0->jupyterlab->jupyter)
  Downloading anyio-4.12.1-py3-none-any.whl.metadata (4.3 kB)
Collecting certifi (from httpx<1,>=0.25.0->jupyterlab->jupyter)
  Downloading certifi-2026.1.4-py3-none-any.whl.metadata (2.5 kB)
Collecting httpcore==1.* (from httpx<1,>=0.25.0->jupyterlab->jupyter)
  Downloading httpcore-1.0.9-py3-none-any.whl.metadata (21 kB)
Collecting idna (from httpx<1,>=0.25.0->jupyterlab->jupyter)
  Downloading idna-3.11-py3-none-any.whl.metadata (8.4 kB)
Collecting h11>=0.16 (from httpcore==1.*->httpx<1,>=0.25.0->jupyterlab->jupyter)
  Downloading h11-0.16.0-py3-none-any.whl.metadata (8.3 kB)
Collecting decorator>=4.3.2 (from ipython>=7.23.1->ipykernel->jupyter)
  Downloading decorator-5.2.1-py3-none-any.whl.metadata (3.9 kB)
Collecting ipython-pygments-lexers>=1.0.0 (from ipython>=7.23.1->ipykernel->jupyter)
  Downloading ipython_pygments_lexers-1.1.1-py3-none-any.whl.metadata (1.1 kB)
Collecting jedi>=0.18.1 (from ipython>=7.23.1->ipykernel->jupyter)
  Downloading jedi-0.19.2-py2.py3-none-any.whl.metadata (22 kB)
Collecting pexpect>4.3 (from ipython>=7.23.1->ipykernel->jupyter)
  Downloading pexpect-4.9.0-py2.py3-none-any.whl.metadata (2.5 kB)
Collecting stack_data>=0.6.0 (from ipython>=7.23.1->ipykernel->jupyter)
  Downloading stack_data-0.6.3-py3-none-any.whl.metadata (18 kB)
Collecting platformdirs>=2.5 (from jupyter-core!=6.0.*,>=5.1->ipykernel->jupyter)
  Downloading platformdirs-4.9.2-py3-none-any.whl.metadata (4.7 kB)
Collecting argon2-cffi>=21.1 (from jupyter-server<3,>=2.4.0->jupyterlab->jupyter)
  Downloading argon2_cffi-25.1.0-py3-none-any.whl.metadata (4.1 kB)
Collecting jupyter-events>=0.11.0 (from jupyter-server<3,>=2.4.0->jupyterlab->jupyter)
  Downloading jupyter_events-0.12.0-py3-none-any.whl.metadata (5.8 kB)
Collecting jupyter-server-terminals>=0.4.4 (from jupyter-server<3,>=2.4.0->jupyterlab->jupyter)
  Downloading jupyter_server_terminals-0.5.4-py3-none-any.whl.metadata (5.9 kB)
Collecting prometheus-client>=0.9 (from jupyter-server<3,>=2.4.0->jupyterlab->jupyter)
  Downloading prometheus_client-0.24.1-py3-none-any.whl.metadata (2.1 kB)
Collecting send2trash>=1.8.2 (from jupyter-server<3,>=2.4.0->jupyterlab->jupyter)
  Downloading send2trash-2.1.0-py3-none-any.whl.metadata (4.1 kB)
Collecting terminado>=0.8.3 (from jupyter-server<3,>=2.4.0->jupyterlab->jupyter)
  Downloading terminado-0.18.1-py3-none-any.whl.metadata (5.8 kB)
Collecting websocket-client>=1.7 (from jupyter-server<3,>=2.4.0->jupyterlab->jupyter)
  Downloading websocket_client-1.9.0-py3-none-any.whl.metadata (8.3 kB)
Collecting babel>=2.10 (from jupyterlab-server<3,>=2.28.0->jupyterlab->jupyter)
  Downloading babel-2.18.0-py3-none-any.whl.metadata (2.2 kB)
Collecting json5>=0.9.0 (from jupyterlab-server<3,>=2.28.0->jupyterlab->jupyter)
  Downloading json5-0.13.0-py3-none-any.whl.metadata (36 kB)
Collecting jsonschema>=4.18.0 (from jupyterlab-server<3,>=2.28.0->jupyterlab->jupyter)
  Downloading jsonschema-4.26.0-py3-none-any.whl.metadata (7.6 kB)
Collecting requests>=2.31 (from jupyterlab-server<3,>=2.28.0->jupyterlab->jupyter)
  Downloading requests-2.32.5-py3-none-any.whl.metadata (4.9 kB)
Collecting fastjsonschema>=2.15 (from nbformat>=5.7->nbconvert->jupyter)
  Downloading fastjsonschema-2.21.2-py3-none-any.whl.metadata (2.3 kB)
Collecting wcwidth (from prompt-toolkit>=3.0.30->jupyter-console->jupyter)
  Downloading wcwidth-0.6.0-py3-none-any.whl.metadata (30 kB)
Collecting soupsieve>=1.6.1 (from beautifulsoup4->nbconvert->jupyter)
  Downloading soupsieve-2.8.3-py3-none-any.whl.metadata (4.6 kB)
Collecting typing-extensions>=4.0.0 (from beautifulsoup4->nbconvert->jupyter)
  Downloading typing_extensions-4.15.0-py3-none-any.whl.metadata (3.3 kB)
Collecting argon2-cffi-bindings (from argon2-cffi>=21.1->jupyter-server<3,>=2.4.0->jupyterlab->jupyter)
  Downloading argon2_cffi_bindings-25.1.0-cp39-abi3-macosx_10_9_x86_64.whl.metadata (7.4 kB)
Collecting parso<0.9.0,>=0.8.4 (from jedi>=0.18.1->ipython>=7.23.1->ipykernel->jupyter)
  Downloading parso-0.8.6-py2.py3-none-any.whl.metadata (8.4 kB)
Collecting attrs>=22.2.0 (from jsonschema>=4.18.0->jupyterlab-server<3,>=2.28.0->jupyterlab->jupyter)
  Downloading attrs-25.4.0-py3-none-any.whl.metadata (10 kB)
Collecting jsonschema-specifications>=2023.03.6 (from jsonschema>=4.18.0->jupyterlab-server<3,>=2.28.0->jupyterlab->jupyter)
  Downloading jsonschema_specifications-2025.9.1-py3-none-any.whl.metadata (2.9 kB)
Collecting referencing>=0.28.4 (from jsonschema>=4.18.0->jupyterlab-server<3,>=2.28.0->jupyterlab->jupyter)
  Downloading referencing-0.37.0-py3-none-any.whl.metadata (2.8 kB)
Collecting rpds-py>=0.25.0 (from jsonschema>=4.18.0->jupyterlab-server<3,>=2.28.0->jupyterlab->jupyter)
  Downloading rpds_py-0.30.0-cp313-cp313-macosx_10_12_x86_64.whl.metadata (4.1 kB)
Collecting python-json-logger>=2.0.4 (from jupyter-events>=0.11.0->jupyter-server<3,>=2.4.0->jupyterlab->jupyter)
  Downloading python_json_logger-4.0.0-py3-none-any.whl.metadata (4.0 kB)
Collecting pyyaml>=5.3 (from jupyter-events>=0.11.0->jupyter-server<3,>=2.4.0->jupyterlab->jupyter)
  Downloading pyyaml-6.0.3-cp313-cp313-macosx_10_13_x86_64.whl.metadata (2.4 kB)
Collecting rfc3339-validator (from jupyter-events>=0.11.0->jupyter-server<3,>=2.4.0->jupyterlab->jupyter)
  Downloading rfc3339_validator-0.1.4-py2.py3-none-any.whl.metadata (1.5 kB)
Collecting rfc3986-validator>=0.1.1 (from jupyter-events>=0.11.0->jupyter-server<3,>=2.4.0->jupyterlab->jupyter)
  Downloading rfc3986_validator-0.1.1-py2.py3-none-any.whl.metadata (1.7 kB)
Collecting ptyprocess>=0.5 (from pexpect>4.3->ipython>=7.23.1->ipykernel->jupyter)
  Downloading ptyprocess-0.7.0-py2.py3-none-any.whl.metadata (1.3 kB)
Collecting charset_normalizer<4,>=2 (from requests>=2.31->jupyterlab-server<3,>=2.28.0->jupyterlab->jupyter)
  Downloading charset_normalizer-3.4.4-cp313-cp313-macosx_10_13_universal2.whl.metadata (37 kB)
Collecting urllib3<3,>=1.21.1 (from requests>=2.31->jupyterlab-server<3,>=2.28.0->jupyterlab->jupyter)
  Downloading urllib3-2.6.3-py3-none-any.whl.metadata (6.9 kB)
Collecting executing>=1.2.0 (from stack_data>=0.6.0->ipython>=7.23.1->ipykernel->jupyter)
  Downloading executing-2.2.1-py2.py3-none-any.whl.metadata (8.9 kB)
Collecting asttokens>=2.1.0 (from stack_data>=0.6.0->ipython>=7.23.1->ipykernel->jupyter)
  Downloading asttokens-3.0.1-py3-none-any.whl.metadata (4.9 kB)
Collecting pure-eval (from stack_data>=0.6.0->ipython>=7.23.1->ipykernel->jupyter)
  Downloading pure_eval-0.2.3-py3-none-any.whl.metadata (6.3 kB)
Collecting fqdn (from jsonschema[format-nongpl]>=4.18.0->jupyter-events>=0.11.0->jupyter-server<3,>=2.4.0->jupyterlab->jupyter)
  Downloading fqdn-1.5.1-py3-none-any.whl.metadata (1.4 kB)
Collecting isoduration (from jsonschema[format-nongpl]>=4.18.0->jupyter-events>=0.11.0->jupyter-server<3,>=2.4.0->jupyterlab->jupyter)
  Downloading isoduration-20.11.0-py3-none-any.whl.metadata (5.7 kB)
Collecting jsonpointer>1.13 (from jsonschema[format-nongpl]>=4.18.0->jupyter-events>=0.11.0->jupyter-server<3,>=2.4.0->jupyterlab->jupyter)
  Downloading jsonpointer-3.0.0-py2.py3-none-any.whl.metadata (2.3 kB)
Collecting rfc3987-syntax>=1.1.0 (from jsonschema[format-nongpl]>=4.18.0->jupyter-events>=0.11.0->jupyter-server<3,>=2.4.0->jupyterlab->jupyter)
  Downloading rfc3987_syntax-1.1.0-py3-none-any.whl.metadata (7.7 kB)
Collecting uri-template (from jsonschema[format-nongpl]>=4.18.0->jupyter-events>=0.11.0->jupyter-server<3,>=2.4.0->jupyterlab->jupyter)
  Downloading uri_template-1.3.0-py3-none-any.whl.metadata (8.8 kB)
Collecting webcolors>=24.6.0 (from jsonschema[format-nongpl]>=4.18.0->jupyter-events>=0.11.0->jupyter-server<3,>=2.4.0->jupyterlab->jupyter)
  Downloading webcolors-25.10.0-py3-none-any.whl.metadata (2.2 kB)
Collecting cffi>=1.0.1 (from argon2-cffi-bindings->argon2-cffi>=21.1->jupyter-server<3,>=2.4.0->jupyterlab->jupyter)
  Downloading cffi-2.0.0-cp313-cp313-macosx_10_13_x86_64.whl.metadata (2.6 kB)
Collecting pycparser (from cffi>=1.0.1->argon2-cffi-bindings->argon2-cffi>=21.1->jupyter-server<3,>=2.4.0->jupyterlab->jupyter)
  Downloading pycparser-3.0-py3-none-any.whl.metadata (8.2 kB)
Collecting lark>=1.2.2 (from rfc3987-syntax>=1.1.0->jsonschema[format-nongpl]>=4.18.0->jupyter-events>=0.11.0->jupyter-server<3,>=2.4.0->jupyterlab->jupyter)
  Downloading lark-1.3.1-py3-none-any.whl.metadata (1.8 kB)
Collecting arrow>=0.15.0 (from isoduration->jsonschema[format-nongpl]>=4.18.0->jupyter-events>=0.11.0->jupyter-server<3,>=2.4.0->jupyterlab->jupyter)
  Downloading arrow-1.4.0-py3-none-any.whl.metadata (7.7 kB)
Collecting tzdata (from arrow>=0.15.0->isoduration->jsonschema[format-nongpl]>=4.18.0->jupyter-events>=0.11.0->jupyter-server<3,>=2.4.0->jupyterlab->jupyter)
  Downloading tzdata-2025.3-py2.py3-none-any.whl.metadata (1.4 kB)
Downloading pandas-3.0.1-cp313-cp313-macosx_10_13_x86_64.whl (10.3 MB)
   ‚îÅ‚îÅ‚îÅ‚îÅ‚îÅ‚îÅ‚îÅ‚îÅ‚îÅ‚îÅ‚îÅ‚îÅ‚îÅ‚îÅ‚îÅ‚îÅ‚îÅ‚îÅ‚îÅ‚îÅ‚îÅ‚îÅ‚îÅ‚îÅ‚îÅ‚îÅ‚îÅ‚îÅ‚îÅ‚îÅ‚îÅ‚îÅ‚îÅ‚îÅ‚îÅ‚îÅ‚îÅ‚îÅ‚îÅ‚îÅ 10.3/10.3 MB 8.4 MB/s eta 0:00:00
Downloading numpy-2.4.2-cp313-cp313-macosx_14_0_x86_64.whl (6.5 MB)
   ‚îÅ‚îÅ‚îÅ‚îÅ‚îÅ‚îÅ‚îÅ‚îÅ‚îÅ‚îÅ‚îÅ‚îÅ‚îÅ‚îÅ‚îÅ‚îÅ‚îÅ‚îÅ‚îÅ‚îÅ‚îÅ‚îÅ‚îÅ‚îÅ‚îÅ‚îÅ‚îÅ‚îÅ‚îÅ‚îÅ‚îÅ‚îÅ‚îÅ‚îÅ‚îÅ‚îÅ‚îÅ‚îÅ‚îÅ‚îÅ 6.5/6.5 MB 7.2 MB/s eta 0:00:00
Downloading matplotlib-3.10.8-cp313-cp313-macosx_10_13_x86_64.whl (8.3 MB)
   ‚îÅ‚îÅ‚îÅ‚îÅ‚îÅ‚îÅ‚îÅ‚îÅ‚îÅ‚îÅ‚îÅ‚îÅ‚îÅ‚îÅ‚îÅ‚îÅ‚îÅ‚îÅ‚îÅ‚îÅ‚îÅ‚îÅ‚îÅ‚îÅ‚îÅ‚îÅ‚îÅ‚îÅ‚îÅ‚îÅ‚îÅ‚îÅ‚îÅ‚îÅ‚îÅ‚îÅ‚îÅ‚îÅ‚îÅ‚îÅ 8.3/8.3 MB 5.8 MB/s eta 0:00:00
Downloading seaborn-0.13.2-py3-none-any.whl (294 kB)
Downloading scikit_learn-1.8.0-cp313-cp313-macosx_10_13_x86_64.whl (8.5 MB)
   ‚îÅ‚îÅ‚îÅ‚îÅ‚îÅ‚îÅ‚îÅ‚îÅ‚îÅ‚îÅ‚îÅ‚îÅ‚îÅ‚îÅ‚îÅ‚îÅ‚îÅ‚îÅ‚îÅ‚îÅ‚îÅ‚îÅ‚îÅ‚îÅ‚îÅ‚îÅ‚îÅ‚îÅ‚îÅ‚îÅ‚îÅ‚îÅ‚îÅ‚îÅ‚îÅ‚îÅ‚îÅ‚îÅ‚îÅ‚îÅ 8.5/8.5 MB 3.1 MB/s eta 0:00:00
Downloading imbalanced_learn-0.14.1-py3-none-any.whl (235 kB)
Downloading jupyter-1.1.1-py2.py3-none-any.whl (2.7 kB)
Downloading flask-3.1.3-py3-none-any.whl (103 kB)
Downloading joblib-1.5.3-py3-none-any.whl (309 kB)
Using cached blinker-1.9.0-py3-none-any.whl (8.5 kB)
Downloading click-8.3.1-py3-none-any.whl (108 kB)
Downloading contourpy-1.3.3-cp313-cp313-macosx_10_13_x86_64.whl (293 kB)
Downloading cycler-0.12.1-py3-none-any.whl (8.3 kB)
Downloading fonttools-4.61.1-cp313-cp313-macosx_10_13_x86_64.whl (2.4 MB)
   ‚îÅ‚îÅ‚îÅ‚îÅ‚îÅ‚îÅ‚îÅ‚îÅ‚îÅ‚îÅ‚îÅ‚îÅ‚îÅ‚îÅ‚îÅ‚îÅ‚îÅ‚îÅ‚îÅ‚îÅ‚îÅ‚îÅ‚îÅ‚îÅ‚îÅ‚îÅ‚îÅ‚îÅ‚îÅ‚îÅ‚îÅ‚îÅ‚îÅ‚îÅ‚îÅ‚îÅ‚îÅ‚îÅ‚îÅ‚îÅ 2.4/2.4 MB 6.0 MB/s eta 0:00:00
Using cached itsdangerous-2.2.0-py3-none-any.whl (16 kB)
Using cached jinja2-3.1.6-py3-none-any.whl (134 kB)
Downloading kiwisolver-1.4.9-cp313-cp313-macosx_10_13_x86_64.whl (66 kB)
Downloading markupsafe-3.0.3-cp313-cp313-macosx_10_13_x86_64.whl (11 kB)
Downloading packaging-26.0-py3-none-any.whl (74 kB)
Downloading pillow-12.1.1-cp313-cp313-macosx_10_13_x86_64.whl (5.3 MB)
   ‚îÅ‚îÅ‚îÅ‚îÅ‚îÅ‚îÅ‚îÅ‚îÅ‚îÅ‚îÅ‚îÅ‚îÅ‚îÅ‚îÅ‚îÅ‚îÅ‚îÅ‚îÅ‚îÅ‚îÅ‚îÅ‚îÅ‚îÅ‚îÅ‚îÅ‚îÅ‚îÅ‚îÅ‚îÅ‚îÅ‚îÅ‚îÅ‚îÅ‚îÅ‚îÅ‚îÅ‚îÅ‚îÅ‚îÅ‚îÅ 5.3/5.3 MB 4.1 MB/s eta 0:00:00
Downloading pyparsing-3.3.2-py3-none-any.whl (122 kB)
Downloading python_dateutil-2.9.0.post0-py2.py3-none-any.whl (229 kB)
Downloading scipy-1.17.1-cp313-cp313-macosx_14_0_x86_64.whl (22.7 MB)
   ‚îÅ‚îÅ‚îÅ‚îÅ‚îÅ‚îÅ‚îÅ‚îÅ‚îÅ‚îÅ‚îÅ‚îÅ‚îÅ‚îÅ‚îÅ‚îÅ‚îÅ‚îÅ‚îÅ‚îÅ‚îÅ‚îÅ‚îÅ‚îÅ‚îÅ‚îÅ‚îÅ‚îÅ‚îÅ‚îÅ‚îÅ‚îÅ‚îÅ‚îÅ‚îÅ‚îÅ‚îÅ‚îÅ‚îÅ‚îÅ 22.7/22.7 MB 4.4 MB/s eta 0:00:00
Downloading sklearn_compat-0.1.5-py3-none-any.whl (20 kB)
Downloading threadpoolctl-3.6.0-py3-none-any.whl (18 kB)
Downloading werkzeug-3.1.6-py3-none-any.whl (225 kB)
Downloading ipykernel-7.2.0-py3-none-any.whl (118 kB)
Downloading ipywidgets-8.1.8-py3-none-any.whl (139 kB)
Downloading jupyter_console-6.6.3-py3-none-any.whl (24 kB)
Downloading jupyterlab-4.5.4-py3-none-any.whl (12.4 MB)
   ‚îÅ‚îÅ‚îÅ‚îÅ‚îÅ‚îÅ‚îÅ‚îÅ‚îÅ‚îÅ‚îÅ‚îÅ‚îÅ‚îÅ‚îÅ‚îÅ‚îÅ‚îÅ‚îÅ‚îÅ‚îÅ‚îÅ‚îÅ‚îÅ‚îÅ‚îÅ‚îÅ‚îÅ‚îÅ‚îÅ‚îÅ‚îÅ‚îÅ‚îÅ‚îÅ‚îÅ‚îÅ‚îÅ‚îÅ‚îÅ 12.4/12.4 MB 7.8 MB/s eta 0:00:00
Downloading nbconvert-7.17.0-py3-none-any.whl (261 kB)
Downloading notebook-7.5.3-py3-none-any.whl (14.5 MB)
   ‚îÅ‚îÅ‚îÅ‚îÅ‚îÅ‚îÅ‚îÅ‚îÅ‚îÅ‚îÅ‚îÅ‚îÅ‚îÅ‚îÅ‚îÅ‚îÅ‚îÅ‚îÅ‚îÅ‚îÅ‚îÅ‚îÅ‚îÅ‚îÅ‚îÅ‚îÅ‚îÅ‚îÅ‚îÅ‚îÅ‚îÅ‚îÅ‚îÅ‚îÅ‚îÅ‚îÅ‚îÅ‚îÅ‚îÅ‚îÅ 14.5/14.5 MB 5.9 MB/s eta 0:00:00
Downloading appnope-0.1.4-py2.py3-none-any.whl (4.3 kB)
Downloading async_lru-2.2.0-py3-none-any.whl (7.9 kB)
Downloading bleach-6.3.0-py3-none-any.whl (164 kB)
Downloading comm-0.2.3-py3-none-any.whl (7.3 kB)
Downloading debugpy-1.8.20-cp313-cp313-macosx_15_0_universal2.whl (2.5 MB)
   ‚îÅ‚îÅ‚îÅ‚îÅ‚îÅ‚îÅ‚îÅ‚îÅ‚îÅ‚îÅ‚îÅ‚îÅ‚îÅ‚îÅ‚îÅ‚îÅ‚îÅ‚îÅ‚îÅ‚îÅ‚îÅ‚îÅ‚îÅ‚îÅ‚îÅ‚îÅ‚îÅ‚îÅ‚îÅ‚îÅ‚îÅ‚îÅ‚îÅ‚îÅ‚îÅ‚îÅ‚îÅ‚îÅ‚îÅ‚îÅ 2.5/2.5 MB 6.4 MB/s eta 0:00:00
Downloading httpx-0.28.1-py3-none-any.whl (73 kB)
Downloading httpcore-1.0.9-py3-none-any.whl (78 kB)
Downloading ipython-9.10.0-py3-none-any.whl (622 kB)
   ‚îÅ‚îÅ‚îÅ‚îÅ‚îÅ‚îÅ‚îÅ‚îÅ‚îÅ‚îÅ‚îÅ‚îÅ‚îÅ‚îÅ‚îÅ‚îÅ‚îÅ‚îÅ‚îÅ‚îÅ‚îÅ‚îÅ‚îÅ‚îÅ‚îÅ‚îÅ‚îÅ‚îÅ‚îÅ‚îÅ‚îÅ‚îÅ‚îÅ‚îÅ‚îÅ‚îÅ‚îÅ‚îÅ‚îÅ‚îÅ 622.8/622.8 kB 859.4 kB/s eta 0:00:00
Downloading jupyter_client-8.8.0-py3-none-any.whl (107 kB)
Downloading jupyter_core-5.9.1-py3-none-any.whl (29 kB)
Downloading jupyter_lsp-2.3.0-py3-none-any.whl (76 kB)
Downloading jupyter_server-2.17.0-py3-none-any.whl (388 kB)
Downloading jupyterlab_server-2.28.0-py3-none-any.whl (59 kB)
Downloading jupyterlab_widgets-3.0.16-py3-none-any.whl (914 kB)
   ‚îÅ‚îÅ‚îÅ‚îÅ‚îÅ‚îÅ‚îÅ‚îÅ‚îÅ‚îÅ‚îÅ‚îÅ‚îÅ‚îÅ‚îÅ‚îÅ‚îÅ‚îÅ‚îÅ‚îÅ‚îÅ‚îÅ‚îÅ‚îÅ‚îÅ‚îÅ‚îÅ‚îÅ‚îÅ‚îÅ‚îÅ‚îÅ‚îÅ‚îÅ‚îÅ‚îÅ‚îÅ‚îÅ‚îÅ‚îÅ 914.9/914.9 kB 4.3 MB/s eta 0:00:00
Downloading matplotlib_inline-0.2.1-py3-none-any.whl (9.5 kB)
Downloading mistune-3.2.0-py3-none-any.whl (53 kB)
Downloading nbclient-0.10.4-py3-none-any.whl (25 kB)
Downloading nbformat-5.10.4-py3-none-any.whl (78 kB)
Downloading nest_asyncio-1.6.0-py3-none-any.whl (5.2 kB)
Downloading notebook_shim-0.2.4-py3-none-any.whl (13 kB)
Downloading pandocfilters-1.5.1-py2.py3-none-any.whl (8.7 kB)
Downloading prompt_toolkit-3.0.52-py3-none-any.whl (391 kB)
Downloading psutil-7.2.2-cp36-abi3-macosx_10_9_x86_64.whl (129 kB)
Downloading pygments-2.19.2-py3-none-any.whl (1.2 MB)
   ‚îÅ‚îÅ‚îÅ‚îÅ‚îÅ‚îÅ‚îÅ‚îÅ‚îÅ‚îÅ‚îÅ‚îÅ‚îÅ‚îÅ‚îÅ‚îÅ‚îÅ‚îÅ‚îÅ‚îÅ‚îÅ‚îÅ‚îÅ‚îÅ‚îÅ‚îÅ‚îÅ‚îÅ‚îÅ‚îÅ‚îÅ‚îÅ‚îÅ‚îÅ‚îÅ‚îÅ‚îÅ‚îÅ‚îÅ‚îÅ 1.2/1.2 MB 5.2 MB/s eta 0:00:00
Downloading pyzmq-27.1.0-cp312-abi3-macosx_10_15_universal2.whl (1.3 MB)
   ‚îÅ‚îÅ‚îÅ‚îÅ‚îÅ‚îÅ‚îÅ‚îÅ‚îÅ‚îÅ‚îÅ‚îÅ‚îÅ‚îÅ‚îÅ‚îÅ‚îÅ‚îÅ‚îÅ‚îÅ‚îÅ‚îÅ‚îÅ‚îÅ‚îÅ‚îÅ‚îÅ‚îÅ‚îÅ‚îÅ‚îÅ‚îÅ‚îÅ‚îÅ‚îÅ‚îÅ‚îÅ‚îÅ‚îÅ‚îÅ 1.3/1.3 MB 1.9 MB/s eta 0:00:00
Downloading setuptools-82.0.0-py3-none-any.whl (1.0 MB)
   ‚îÅ‚îÅ‚îÅ‚îÅ‚îÅ‚îÅ‚îÅ‚îÅ‚îÅ‚îÅ‚îÅ‚îÅ‚îÅ‚îÅ‚îÅ‚îÅ‚îÅ‚îÅ‚îÅ‚îÅ‚îÅ‚îÅ‚îÅ‚îÅ‚îÅ‚îÅ‚îÅ‚îÅ‚îÅ‚îÅ‚îÅ‚îÅ‚îÅ‚îÅ‚îÅ‚îÅ‚îÅ‚îÅ‚îÅ‚îÅ 1.0/1.0 MB 5.6 MB/s eta 0:00:00
Downloading six-1.17.0-py2.py3-none-any.whl (11 kB)
Downloading tornado-6.5.4-cp39-abi3-macosx_10_9_x86_64.whl (442 kB)
Downloading traitlets-5.14.3-py3-none-any.whl (85 kB)
Downloading widgetsnbextension-4.0.15-py3-none-any.whl (2.2 MB)
   ‚îÅ‚îÅ‚îÅ‚îÅ‚îÅ‚îÅ‚îÅ‚îÅ‚îÅ‚îÅ‚îÅ‚îÅ‚îÅ‚îÅ‚îÅ‚îÅ‚îÅ‚îÅ‚îÅ‚îÅ‚îÅ‚îÅ‚îÅ‚îÅ‚îÅ‚îÅ‚îÅ‚îÅ‚îÅ‚îÅ‚îÅ‚îÅ‚îÅ‚îÅ‚îÅ‚îÅ‚îÅ‚îÅ‚îÅ‚îÅ 2.2/2.2 MB 4.9 MB/s eta 0:00:00
Downloading beautifulsoup4-4.14.3-py3-none-any.whl (107 kB)
Downloading defusedxml-0.7.1-py2.py3-none-any.whl (25 kB)
Downloading jupyterlab_pygments-0.3.0-py3-none-any.whl (15 kB)
Downloading anyio-4.12.1-py3-none-any.whl (113 kB)
Downloading argon2_cffi-25.1.0-py3-none-any.whl (14 kB)
Downloading babel-2.18.0-py3-none-any.whl (10.2 MB)
   ‚îÅ‚îÅ‚îÅ‚îÅ‚îÅ‚îÅ‚îÅ‚îÅ‚îÅ‚îÅ‚îÅ‚îÅ‚îÅ‚îÅ‚îÅ‚îÅ‚îÅ‚îÅ‚îÅ‚îÅ‚îÅ‚îÅ‚îÅ‚îÅ‚îÅ‚îÅ‚îÅ‚îÅ‚îÅ‚îÅ‚îÅ‚îÅ‚îÅ‚îÅ‚îÅ‚îÅ‚îÅ‚îÅ‚îÅ‚îÅ 10.2/10.2 MB 5.1 MB/s eta 0:00:00
Downloading decorator-5.2.1-py3-none-any.whl (9.2 kB)
Downloading fastjsonschema-2.21.2-py3-none-any.whl (24 kB)
Downloading idna-3.11-py3-none-any.whl (71 kB)
Downloading ipython_pygments_lexers-1.1.1-py3-none-any.whl (8.1 kB)
Downloading jedi-0.19.2-py2.py3-none-any.whl (1.6 MB)
   ‚îÅ‚îÅ‚îÅ‚îÅ‚îÅ‚îÅ‚îÅ‚îÅ‚îÅ‚îÅ‚îÅ‚îÅ‚îÅ‚îÅ‚îÅ‚îÅ‚îÅ‚îÅ‚îÅ‚îÅ‚îÅ‚îÅ‚îÅ‚îÅ‚îÅ‚îÅ‚îÅ‚îÅ‚îÅ‚îÅ‚îÅ‚îÅ‚îÅ‚îÅ‚îÅ‚îÅ‚îÅ‚îÅ‚îÅ‚îÅ 1.6/1.6 MB 6.3 MB/s eta 0:00:00
Downloading json5-0.13.0-py3-none-any.whl (36 kB)
Downloading jsonschema-4.26.0-py3-none-any.whl (90 kB)
Downloading jupyter_events-0.12.0-py3-none-any.whl (19 kB)
Downloading jupyter_server_terminals-0.5.4-py3-none-any.whl (13 kB)
Downloading pexpect-4.9.0-py2.py3-none-any.whl (63 kB)
Downloading platformdirs-4.9.2-py3-none-any.whl (21 kB)
Downloading prometheus_client-0.24.1-py3-none-any.whl (64 kB)
Downloading requests-2.32.5-py3-none-any.whl (64 kB)
Downloading certifi-2026.1.4-py3-none-any.whl (152 kB)
Downloading send2trash-2.1.0-py3-none-any.whl (17 kB)
Downloading soupsieve-2.8.3-py3-none-any.whl (37 kB)
Downloading stack_data-0.6.3-py3-none-any.whl (24 kB)
Downloading terminado-0.18.1-py3-none-any.whl (14 kB)
Downloading tinycss2-1.4.0-py3-none-any.whl (26 kB)
Downloading typing_extensions-4.15.0-py3-none-any.whl (44 kB)
Downloading webencodings-0.5.1-py2.py3-none-any.whl (11 kB)
Downloading websocket_client-1.9.0-py3-none-any.whl (82 kB)
Downloading wcwidth-0.6.0-py3-none-any.whl (94 kB)
Downloading asttokens-3.0.1-py3-none-any.whl (27 kB)
Downloading attrs-25.4.0-py3-none-any.whl (67 kB)
Downloading charset_normalizer-3.4.4-cp313-cp313-macosx_10_13_universal2.whl (208 kB)
Downloading executing-2.2.1-py2.py3-none-any.whl (28 kB)
Downloading h11-0.16.0-py3-none-any.whl (37 kB)
Downloading jsonschema_specifications-2025.9.1-py3-none-any.whl (18 kB)
Downloading parso-0.8.6-py2.py3-none-any.whl (106 kB)
Downloading ptyprocess-0.7.0-py2.py3-none-any.whl (13 kB)
Downloading python_json_logger-4.0.0-py3-none-any.whl (15 kB)
Downloading pyyaml-6.0.3-cp313-cp313-macosx_10_13_x86_64.whl (181 kB)
Downloading referencing-0.37.0-py3-none-any.whl (26 kB)
Downloading rfc3986_validator-0.1.1-py2.py3-none-any.whl (4.2 kB)
Downloading rpds_py-0.30.0-cp313-cp313-macosx_10_12_x86_64.whl (374 kB)
Downloading urllib3-2.6.3-py3-none-any.whl (131 kB)
Downloading argon2_cffi_bindings-25.1.0-cp39-abi3-macosx_10_9_x86_64.whl (29 kB)
Downloading pure_eval-0.2.3-py3-none-any.whl (11 kB)
Downloading rfc3339_validator-0.1.4-py2.py3-none-any.whl (3.5 kB)
Downloading cffi-2.0.0-cp313-cp313-macosx_10_13_x86_64.whl (185 kB)
Downloading jsonpointer-3.0.0-py2.py3-none-any.whl (7.6 kB)
Downloading rfc3987_syntax-1.1.0-py3-none-any.whl (8.0 kB)
Downloading webcolors-25.10.0-py3-none-any.whl (14 kB)
Downloading fqdn-1.5.1-py3-none-any.whl (9.1 kB)
Downloading isoduration-20.11.0-py3-none-any.whl (11 kB)
Downloading uri_template-1.3.0-py3-none-any.whl (11 kB)
Downloading arrow-1.4.0-py3-none-any.whl (68 kB)
Downloading lark-1.3.1-py3-none-any.whl (113 kB)
Downloading pycparser-3.0-py3-none-any.whl (48 kB)
Downloading tzdata-2025.3-py2.py3-none-any.whl (348 kB)
Installing collected packages: webencodings, pure-eval, ptyprocess, fastjsonschema, widgetsnbextension, websocket-client, webcolors, wcwidth, urllib3, uri-template, tzdata, typing-extensions, traitlets, tornado, tinycss2, threadpoolctl, soupsieve, six, setuptools, send2trash, rpds-py, rfc3986-validator, pyzmq, pyyaml, python-json-logger, pyparsing, pygments, pycparser, psutil, prometheus-client, platformdirs, pillow, pexpect, parso, pandocfilters, packaging, numpy, nest-asyncio, mistune, markupsafe, lark, kiwisolver, jupyterlab_widgets, jupyterlab-pygments, jsonpointer, json5, joblib, itsdangerous, idna, h11, fqdn, fonttools, executing, defusedxml, decorator, debugpy, cycler, comm, click, charset_normalizer, certifi, blinker, bleach, babel, attrs, async-lru, asttokens, appnope, werkzeug, terminado, stack_data, scipy, rfc3987-syntax, rfc3339-validator, requests, referencing, python-dateutil, prompt-toolkit, matplotlib-inline, jupyter-core, jinja2, jedi, ipython-pygments-lexers, httpcore, contourpy, cffi, beautifulsoup4, anyio, scikit-learn, pandas, matplotlib, jupyter-server-terminals, jupyter-client, jsonschema-specifications, ipython, httpx, flask, arrow, argon2-cffi-bindings, sklearn-compat, seaborn, jsonschema, isoduration, ipywidgets, ipykernel, argon2-cffi, nbformat, jupyter-console, imbalanced-learn, nbclient, jupyter-events, nbconvert, jupyter-server, notebook-shim, jupyterlab-server, jupyter-lsp, jupyterlab, notebook, jupyter
Successfully installed anyio-4.12.1 appnope-0.1.4 argon2-cffi-25.1.0 argon2-cffi-bindings-25.1.0 arrow-1.4.0 asttokens-3.0.1 async-lru-2.2.0 attrs-25.4.0 babel-2.18.0 beautifulsoup4-4.14.3 bleach-6.3.0 blinker-1.9.0 certifi-2026.1.4 cffi-2.0.0 charset_normalizer-3.4.4 click-8.3.1 comm-0.2.3 contourpy-1.3.3 cycler-0.12.1 debugpy-1.8.20 decorator-5.2.1 defusedxml-0.7.1 executing-2.2.1 fastjsonschema-2.21.2 flask-3.1.3 fonttools-4.61.1 fqdn-1.5.1 h11-0.16.0 httpcore-1.0.9 httpx-0.28.1 idna-3.11 imbalanced-learn-0.14.1 ipykernel-7.2.0 ipython-9.10.0 ipython-pygments-lexers-1.1.1 ipywidgets-8.1.8 isoduration-20.11.0 itsdangerous-2.2.0 jedi-0.19.2 jinja2-3.1.6 joblib-1.5.3 json5-0.13.0 jsonpointer-3.0.0 jsonschema-4.26.0 jsonschema-specifications-2025.9.1 jupyter-1.1.1 jupyter-client-8.8.0 jupyter-console-6.6.3 jupyter-core-5.9.1 jupyter-events-0.12.0 jupyter-lsp-2.3.0 jupyter-server-2.17.0 jupyter-server-terminals-0.5.4 jupyterlab-4.5.4 jupyterlab-pygments-0.3.0 jupyterlab-server-2.28.0 jupyterlab_widgets-3.0.16 kiwisolver-1.4.9 lark-1.3.1 markupsafe-3.0.3 matplotlib-3.10.8 matplotlib-inline-0.2.1 mistune-3.2.0 nbclient-0.10.4 nbconvert-7.17.0 nbformat-5.10.4 nest-asyncio-1.6.0 notebook-7.5.3 notebook-shim-0.2.4 numpy-2.4.2 packaging-26.0 pandas-3.0.1 pandocfilters-1.5.1 parso-0.8.6 pexpect-4.9.0 pillow-12.1.1 platformdirs-4.9.2 prometheus-client-0.24.1 prompt-toolkit-3.0.52 psutil-7.2.2 ptyprocess-0.7.0 pure-eval-0.2.3 pycparser-3.0 pygments-2.19.2 pyparsing-3.3.2 python-dateutil-2.9.0.post0 python-json-logger-4.0.0 pyyaml-6.0.3 pyzmq-27.1.0 referencing-0.37.0 requests-2.32.5 rfc3339-validator-0.1.4 rfc3986-validator-0.1.1 rfc3987-syntax-1.1.0 rpds-py-0.30.0 scikit-learn-1.8.0 scipy-1.17.1 seaborn-0.13.2 send2trash-2.1.0 setuptools-82.0.0 six-1.17.0 sklearn-compat-0.1.5 soupsieve-2.8.3 stack_data-0.6.3 terminado-0.18.1 threadpoolctl-3.6.0 tinycss2-1.4.0 tornado-6.5.4 traitlets-5.14.3 typing-extensions-4.15.0 tzdata-2025.3 uri-template-1.3.0 urllib3-2.6.3 wcwidth-0.6.0 webcolors-25.10.0 webencodings-0.5.1 websocket-client-1.9.0 werkzeug-3.1.6 widgetsnbextension-4.0.15

[notice] A new release of pip is available: 24.3.1 -> 26.0.1
[notice] To update, run: pip3 install --upgrade pip
dan@MacBookPro multi-disease-prediction % pip3 install --upgrade pip
Requirement already satisfied: pip in /Library/Frameworks/Python.framework/Versions/3.13/lib/python3.13/site-packages (24.3.1)
Collecting pip
  Downloading pip-26.0.1-py3-none-any.whl.metadata (4.7 kB)
Downloading pip-26.0.1-py3-none-any.whl (1.8 MB)
   ‚îÅ‚îÅ‚îÅ‚îÅ‚îÅ‚îÅ‚îÅ‚îÅ‚îÅ‚îÅ‚îÅ‚îÅ‚îÅ‚îÅ‚îÅ‚îÅ‚îÅ‚îÅ‚îÅ‚îÅ‚îÅ‚îÅ‚îÅ‚îÅ‚îÅ‚îÅ‚îÅ‚îÅ‚îÅ‚îÅ‚îÅ‚îÅ‚îÅ‚îÅ‚îÅ‚îÅ‚îÅ‚îÅ‚îÅ‚îÅ 1.8/1.8 MB 4.5 MB/s eta 0:00:00
Installing collected packages: pip
  Attempting uninstall: pip
    Found existing installation: pip 24.3.1
    Uninstalling pip-24.3.1:
      Successfully uninstalled pip-24.3.1
Successfully installed pip-26.0.1
dan@MacBookPro multi-disease-prediction % pip3 list | grep -E "pandas|numpy|matplotlib|seaborn|scikit-learn|imbalanced-learn|jupyter|flask|joblib"
imbalanced-learn          0.14.1
joblib                    1.5.3
jupyter                   1.1.1
jupyter_client            8.8.0
jupyter-console           6.6.3
jupyter_core              5.9.1
jupyter-events            0.12.0
jupyter-lsp               2.3.0
jupyter_server            2.17.0
jupyter_server_terminals  0.5.4
jupyterlab                4.5.4
jupyterlab_pygments       0.3.0
jupyterlab_server         2.28.0
jupyterlab_widgets        3.0.16
matplotlib                3.10.8
matplotlib-inline         0.2.1
numpy                     2.4.2
pandas                    3.0.1
scikit-learn              1.8.0
seaborn                   0.13.2
dan@MacBookPro multi-disease-prediction % # Create all folders
mkdir -p data/raw data/processed notebooks src docs presentations logs models/scalers
zsh: command not found: #
dan@MacBookPro multi-disease-prediction % mkdir -p data/raw data/processed notebooks src docs presentations logs model s/scalers
dan@MacBookPro multi-disease-prediction % ls -la
total 16
drwxr-xr-x  12 dan  staff   384 23 Feb 18:55 .
drwx------+ 10 dan  staff   320 23 Feb 18:40 ..
-rw-r--r--@  1 dan  staff  6148 23 Feb 18:44 .DS_Store
drwxr-xr-x   4 dan  staff   128 23 Feb 18:41 data
drwxr-xr-x   2 dan  staff    64 23 Feb 18:41 docs
drwxr-xr-x   2 dan  staff    64 23 Feb 18:41 logs
drwxr-xr-x   2 dan  staff    64 23 Feb 18:55 model
drwxr-xr-x   3 dan  staff    96 23 Feb 18:41 models
drwxr-xr-x   2 dan  staff    64 23 Feb 18:41 notebooks
drwxr-xr-x   2 dan  staff    64 23 Feb 18:41 presentations
drwxr-xr-x   3 dan  staff    96 23 Feb 18:55 s
drwxr-xr-x   2 dan  staff    64 23 Feb 18:41 src
dan@MacBookPro multi-disease-prediction % touch download_datasets.py
dan@MacBookPro multi-disease-prediction % open -e download_datasets.py
dan@MacBookPro multi-disease-prediction % python3 download_datasets.py
============================================================
üì• DOWNLOADING DATASETS
============================================================

1. Diabetes Dataset...
Traceback (most recent call last):
  File "/Library/Frameworks/Python.framework/Versions/3.13/lib/python3.13/urllib/request.py", line 1319, in do_open
    h.request(req.get_method(), req.selector, req.data, headers,
    ~~~~~~~~~^^^^^^^^^^^^^^^^^^^^^^^^^^^^^^^^^^^^^^^^^^^^^^^^^^^
              encode_chunked=req.has_header('Transfer-encoding'))
              ^^^^^^^^^^^^^^^^^^^^^^^^^^^^^^^^^^^^^^^^^^^^^^^^^^^
  File "/Library/Frameworks/Python.framework/Versions/3.13/lib/python3.13/http/client.py", line 1338, in request
    self._send_request(method, url, body, headers, encode_chunked)
    ~~~~~~~~~~~~~~~~~~^^^^^^^^^^^^^^^^^^^^^^^^^^^^^^^^^^^^^^^^^^^^
  File "/Library/Frameworks/Python.framework/Versions/3.13/lib/python3.13/http/client.py", line 1384, in _send_request
    self.endheaders(body, encode_chunked=encode_chunked)
    ~~~~~~~~~~~~~~~^^^^^^^^^^^^^^^^^^^^^^^^^^^^^^^^^^^^^
  File "/Library/Frameworks/Python.framework/Versions/3.13/lib/python3.13/http/client.py", line 1333, in endheaders
    self._send_output(message_body, encode_chunked=encode_chunked)
    ~~~~~~~~~~~~~~~~~^^^^^^^^^^^^^^^^^^^^^^^^^^^^^^^^^^^^^^^^^^^^^
  File "/Library/Frameworks/Python.framework/Versions/3.13/lib/python3.13/http/client.py", line 1093, in _send_output
    self.send(msg)
    ~~~~~~~~~^^^^^
  File "/Library/Frameworks/Python.framework/Versions/3.13/lib/python3.13/http/client.py", line 1037, in send
    self.connect()
    ~~~~~~~~~~~~^^
  File "/Library/Frameworks/Python.framework/Versions/3.13/lib/python3.13/http/client.py", line 1479, in connect
    self.sock = self._context.wrap_socket(self.sock,
                ~~~~~~~~~~~~~~~~~~~~~~~~~^^^^^^^^^^^
                                          server_hostname=server_hostname)
                                          ^^^^^^^^^^^^^^^^^^^^^^^^^^^^^^^^
  File "/Library/Frameworks/Python.framework/Versions/3.13/lib/python3.13/ssl.py", line 455, in wrap_socket
    return self.sslsocket_class._create(
           ~~~~~~~~~~~~~~~~~~~~~~~~~~~~^
        sock=sock,
        ^^^^^^^^^^
    ...<5 lines>...
        session=session
        ^^^^^^^^^^^^^^^
    )
    ^
  File "/Library/Frameworks/Python.framework/Versions/3.13/lib/python3.13/ssl.py", line 1076, in _create
    self.do_handshake()
    ~~~~~~~~~~~~~~~~~^^
  File "/Library/Frameworks/Python.framework/Versions/3.13/lib/python3.13/ssl.py", line 1372, in do_handshake
    self._sslobj.do_handshake()
    ~~~~~~~~~~~~~~~~~~~~~~~~~^^
ssl.SSLCertVerificationError: [SSL: CERTIFICATE_VERIFY_FAILED] certificate verify failed: unable to get local issuer certificate (_ssl.c:1028)

During handling of the above exception, another exception occurred:

Traceback (most recent call last):
  File "/Users/dan/Desktop/multi-disease-prediction/download_datasets.py", line 17, in <module>
    df = pd.read_csv(url, names=columns)
  File "/Library/Frameworks/Python.framework/Versions/3.13/lib/python3.13/site-packages/pandas/io/parsers/readers.py", line 873, in read_csv
    return _read(filepath_or_buffer, kwds)
  File "/Library/Frameworks/Python.framework/Versions/3.13/lib/python3.13/site-packages/pandas/io/parsers/readers.py", line 300, in _read
    parser = TextFileReader(filepath_or_buffer, **kwds)
  File "/Library/Frameworks/Python.framework/Versions/3.13/lib/python3.13/site-packages/pandas/io/parsers/readers.py", line 1645, in __init__
    self._engine = self._make_engine(f, self.engine)
                   ~~~~~~~~~~~~~~~~~^^^^^^^^^^^^^^^^
  File "/Library/Frameworks/Python.framework/Versions/3.13/lib/python3.13/site-packages/pandas/io/parsers/readers.py", line 1904, in _make_engine
    self.handles = get_handle(
                   ~~~~~~~~~~^
        f,
        ^^
    ...<6 lines>...
        storage_options=self.options.get("storage_options", None),
        ^^^^^^^^^^^^^^^^^^^^^^^^^^^^^^^^^^^^^^^^^^^^^^^^^^^^^^^^^^
    )
    ^
  File "/Library/Frameworks/Python.framework/Versions/3.13/lib/python3.13/site-packages/pandas/io/common.py", line 772, in get_handle
    ioargs = _get_filepath_or_buffer(
        path_or_buf,
    ...<3 lines>...
        storage_options=storage_options,
    )
  File "/Library/Frameworks/Python.framework/Versions/3.13/lib/python3.13/site-packages/pandas/io/common.py", line 404, in _get_filepath_or_buffer
    with urlopen(req_info) as req:
         ~~~~~~~^^^^^^^^^^
  File "/Library/Frameworks/Python.framework/Versions/3.13/lib/python3.13/site-packages/pandas/io/common.py", line 281, in urlopen
    return urllib.request.urlopen(*args, **kwargs)  # noqa: TID251
           ~~~~~~~~~~~~~~~~~~~~~~^^^^^^^^^^^^^^^^^
  File "/Library/Frameworks/Python.framework/Versions/3.13/lib/python3.13/urllib/request.py", line 189, in urlopen
    return opener.open(url, data, timeout)
           ~~~~~~~~~~~^^^^^^^^^^^^^^^^^^^^
  File "/Library/Frameworks/Python.framework/Versions/3.13/lib/python3.13/urllib/request.py", line 489, in open
    response = self._open(req, data)
  File "/Library/Frameworks/Python.framework/Versions/3.13/lib/python3.13/urllib/request.py", line 506, in _open
    result = self._call_chain(self.handle_open, protocol, protocol +
                              '_open', req)
  File "/Library/Frameworks/Python.framework/Versions/3.13/lib/python3.13/urllib/request.py", line 466, in _call_chain
    result = func(*args)
  File "/Library/Frameworks/Python.framework/Versions/3.13/lib/python3.13/urllib/request.py", line 1367, in https_open
    return self.do_open(http.client.HTTPSConnection, req,
           ~~~~~~~~~~~~^^^^^^^^^^^^^^^^^^^^^^^^^^^^^^^^^^
                        context=self._context)
                        ^^^^^^^^^^^^^^^^^^^^^^
  File "/Library/Frameworks/Python.framework/Versions/3.13/lib/python3.13/urllib/request.py", line 1322, in do_open
    raise URLError(err)
urllib.error.URLError: <urlopen error [SSL: CERTIFICATE_VERIFY_FAILED] certificate verify failed: unable to get local issuer certificate (_ssl.c:1028)>
dan@MacBookPro multi-disease-prediction % open -e download_datasets.py
dan@MacBookPro multi-disease-prediction % python3 download_datasets.py     
============================================================
üì• DOWNLOADING DATASETS
============================================================

1. Diabetes Dataset...
Traceback (most recent call last):
  File "/Library/Frameworks/Python.framework/Versions/3.13/lib/python3.13/urllib/request.py", line 1319, in do_open
    h.request(req.get_method(), req.selector, req.data, headers,
    ~~~~~~~~~^^^^^^^^^^^^^^^^^^^^^^^^^^^^^^^^^^^^^^^^^^^^^^^^^^^
              encode_chunked=req.has_header('Transfer-encoding'))
              ^^^^^^^^^^^^^^^^^^^^^^^^^^^^^^^^^^^^^^^^^^^^^^^^^^^
  File "/Library/Frameworks/Python.framework/Versions/3.13/lib/python3.13/http/client.py", line 1338, in request
    self._send_request(method, url, body, headers, encode_chunked)
    ~~~~~~~~~~~~~~~~~~^^^^^^^^^^^^^^^^^^^^^^^^^^^^^^^^^^^^^^^^^^^^
  File "/Library/Frameworks/Python.framework/Versions/3.13/lib/python3.13/http/client.py", line 1384, in _send_request
    self.endheaders(body, encode_chunked=encode_chunked)
    ~~~~~~~~~~~~~~~^^^^^^^^^^^^^^^^^^^^^^^^^^^^^^^^^^^^^
  File "/Library/Frameworks/Python.framework/Versions/3.13/lib/python3.13/http/client.py", line 1333, in endheaders
    self._send_output(message_body, encode_chunked=encode_chunked)
    ~~~~~~~~~~~~~~~~~^^^^^^^^^^^^^^^^^^^^^^^^^^^^^^^^^^^^^^^^^^^^^
  File "/Library/Frameworks/Python.framework/Versions/3.13/lib/python3.13/http/client.py", line 1093, in _send_output
    self.send(msg)
    ~~~~~~~~~^^^^^
  File "/Library/Frameworks/Python.framework/Versions/3.13/lib/python3.13/http/client.py", line 1037, in send
    self.connect()
    ~~~~~~~~~~~~^^
  File "/Library/Frameworks/Python.framework/Versions/3.13/lib/python3.13/http/client.py", line 1479, in connect
    self.sock = self._context.wrap_socket(self.sock,
                ~~~~~~~~~~~~~~~~~~~~~~~~~^^^^^^^^^^^
                                          server_hostname=server_hostname)
                                          ^^^^^^^^^^^^^^^^^^^^^^^^^^^^^^^^
  File "/Library/Frameworks/Python.framework/Versions/3.13/lib/python3.13/ssl.py", line 455, in wrap_socket
    return self.sslsocket_class._create(
           ~~~~~~~~~~~~~~~~~~~~~~~~~~~~^
        sock=sock,
        ^^^^^^^^^^
    ...<5 lines>...
        session=session
        ^^^^^^^^^^^^^^^
    )
    ^
  File "/Library/Frameworks/Python.framework/Versions/3.13/lib/python3.13/ssl.py", line 1076, in _create
    self.do_handshake()
    ~~~~~~~~~~~~~~~~~^^
  File "/Library/Frameworks/Python.framework/Versions/3.13/lib/python3.13/ssl.py", line 1372, in do_handshake
    self._sslobj.do_handshake()
    ~~~~~~~~~~~~~~~~~~~~~~~~~^^
ssl.SSLCertVerificationError: [SSL: CERTIFICATE_VERIFY_FAILED] certificate verify failed: unable to get local issuer certificate (_ssl.c:1028)

During handling of the above exception, another exception occurred:

Traceback (most recent call last):
  File "/Users/dan/Desktop/multi-disease-prediction/download_datasets.py", line 17, in <module>
    df = pd.read_csv(url, names=columns)
  File "/Library/Frameworks/Python.framework/Versions/3.13/lib/python3.13/site-packages/pandas/io/parsers/readers.py", line 873, in read_csv
    return _read(filepath_or_buffer, kwds)
  File "/Library/Frameworks/Python.framework/Versions/3.13/lib/python3.13/site-packages/pandas/io/parsers/readers.py", line 300, in _read
    parser = TextFileReader(filepath_or_buffer, **kwds)
  File "/Library/Frameworks/Python.framework/Versions/3.13/lib/python3.13/site-packages/pandas/io/parsers/readers.py", line 1645, in __init__
    self._engine = self._make_engine(f, self.engine)
                   ~~~~~~~~~~~~~~~~~^^^^^^^^^^^^^^^^
  File "/Library/Frameworks/Python.framework/Versions/3.13/lib/python3.13/site-packages/pandas/io/parsers/readers.py", line 1904, in _make_engine
    self.handles = get_handle(
                   ~~~~~~~~~~^
        f,
        ^^
    ...<6 lines>...
        storage_options=self.options.get("storage_options", None),
        ^^^^^^^^^^^^^^^^^^^^^^^^^^^^^^^^^^^^^^^^^^^^^^^^^^^^^^^^^^
    )
    ^
  File "/Library/Frameworks/Python.framework/Versions/3.13/lib/python3.13/site-packages/pandas/io/common.py", line 772, in get_handle
    ioargs = _get_filepath_or_buffer(
        path_or_buf,
    ...<3 lines>...
        storage_options=storage_options,
    )
  File "/Library/Frameworks/Python.framework/Versions/3.13/lib/python3.13/site-packages/pandas/io/common.py", line 404, in _get_filepath_or_buffer
    with urlopen(req_info) as req:
         ~~~~~~~^^^^^^^^^^
  File "/Library/Frameworks/Python.framework/Versions/3.13/lib/python3.13/site-packages/pandas/io/common.py", line 281, in urlopen
    return urllib.request.urlopen(*args, **kwargs)  # noqa: TID251
           ~~~~~~~~~~~~~~~~~~~~~~^^^^^^^^^^^^^^^^^
  File "/Library/Frameworks/Python.framework/Versions/3.13/lib/python3.13/urllib/request.py", line 189, in urlopen
    return opener.open(url, data, timeout)
           ~~~~~~~~~~~^^^^^^^^^^^^^^^^^^^^
  File "/Library/Frameworks/Python.framework/Versions/3.13/lib/python3.13/urllib/request.py", line 489, in open
    response = self._open(req, data)
  File "/Library/Frameworks/Python.framework/Versions/3.13/lib/python3.13/urllib/request.py", line 506, in _open
    result = self._call_chain(self.handle_open, protocol, protocol +
                              '_open', req)
  File "/Library/Frameworks/Python.framework/Versions/3.13/lib/python3.13/urllib/request.py", line 466, in _call_chain
    result = func(*args)
  File "/Library/Frameworks/Python.framework/Versions/3.13/lib/python3.13/urllib/request.py", line 1367, in https_open
    return self.do_open(http.client.HTTPSConnection, req,
           ~~~~~~~~~~~~^^^^^^^^^^^^^^^^^^^^^^^^^^^^^^^^^^
                        context=self._context)
                        ^^^^^^^^^^^^^^^^^^^^^^
  File "/Library/Frameworks/Python.framework/Versions/3.13/lib/python3.13/urllib/request.py", line 1322, in do_open
    raise URLError(err)
urllib.error.URLError: <urlopen error [SSL: CERTIFICATE_VERIFY_FAILED] certificate verify failed: unable to get local issuer certificate (_ssl.c:1028)>
dan@MacBookPro multi-disease-prediction % python3 -c "import pandas; print('OK')"
OK
dan@MacBookPro multi-disease-prediction % python3 download_datasets.py
============================================================
üì• DOWNLOADING DATASETS
============================================================

1. Diabetes Dataset...
Traceback (most recent call last):
  File "/Library/Frameworks/Python.framework/Versions/3.13/lib/python3.13/urllib/request.py", line 1319, in do_open
    h.request(req.get_method(), req.selector, req.data, headers,
    ~~~~~~~~~^^^^^^^^^^^^^^^^^^^^^^^^^^^^^^^^^^^^^^^^^^^^^^^^^^^
              encode_chunked=req.has_header('Transfer-encoding'))
              ^^^^^^^^^^^^^^^^^^^^^^^^^^^^^^^^^^^^^^^^^^^^^^^^^^^
  File "/Library/Frameworks/Python.framework/Versions/3.13/lib/python3.13/http/client.py", line 1338, in request
    self._send_request(method, url, body, headers, encode_chunked)
    ~~~~~~~~~~~~~~~~~~^^^^^^^^^^^^^^^^^^^^^^^^^^^^^^^^^^^^^^^^^^^^
  File "/Library/Frameworks/Python.framework/Versions/3.13/lib/python3.13/http/client.py", line 1384, in _send_request
    self.endheaders(body, encode_chunked=encode_chunked)
    ~~~~~~~~~~~~~~~^^^^^^^^^^^^^^^^^^^^^^^^^^^^^^^^^^^^^
  File "/Library/Frameworks/Python.framework/Versions/3.13/lib/python3.13/http/client.py", line 1333, in endheaders
    self._send_output(message_body, encode_chunked=encode_chunked)
    ~~~~~~~~~~~~~~~~~^^^^^^^^^^^^^^^^^^^^^^^^^^^^^^^^^^^^^^^^^^^^^
  File "/Library/Frameworks/Python.framework/Versions/3.13/lib/python3.13/http/client.py", line 1093, in _send_output
    self.send(msg)
    ~~~~~~~~~^^^^^
  File "/Library/Frameworks/Python.framework/Versions/3.13/lib/python3.13/http/client.py", line 1037, in send
    self.connect()
    ~~~~~~~~~~~~^^
  File "/Library/Frameworks/Python.framework/Versions/3.13/lib/python3.13/http/client.py", line 1479, in connect
    self.sock = self._context.wrap_socket(self.sock,
                ~~~~~~~~~~~~~~~~~~~~~~~~~^^^^^^^^^^^
                                          server_hostname=server_hostname)
                                          ^^^^^^^^^^^^^^^^^^^^^^^^^^^^^^^^
  File "/Library/Frameworks/Python.framework/Versions/3.13/lib/python3.13/ssl.py", line 455, in wrap_socket
    return self.sslsocket_class._create(
           ~~~~~~~~~~~~~~~~~~~~~~~~~~~~^
        sock=sock,
        ^^^^^^^^^^
    ...<5 lines>...
        session=session
        ^^^^^^^^^^^^^^^
    )
    ^
  File "/Library/Frameworks/Python.framework/Versions/3.13/lib/python3.13/ssl.py", line 1076, in _create
    self.do_handshake()
    ~~~~~~~~~~~~~~~~~^^
  File "/Library/Frameworks/Python.framework/Versions/3.13/lib/python3.13/ssl.py", line 1372, in do_handshake
    self._sslobj.do_handshake()
    ~~~~~~~~~~~~~~~~~~~~~~~~~^^
ssl.SSLCertVerificationError: [SSL: CERTIFICATE_VERIFY_FAILED] certificate verify failed: unable to get local issuer certificate (_ssl.c:1028)

During handling of the above exception, another exception occurred:

Traceback (most recent call last):
  File "/Users/dan/Desktop/multi-disease-prediction/download_datasets.py", line 17, in <module>
    df = pd.read_csv(url, names=columns)
  File "/Library/Frameworks/Python.framework/Versions/3.13/lib/python3.13/site-packages/pandas/io/parsers/readers.py", line 873, in read_csv
    return _read(filepath_or_buffer, kwds)
  File "/Library/Frameworks/Python.framework/Versions/3.13/lib/python3.13/site-packages/pandas/io/parsers/readers.py", line 300, in _read
    parser = TextFileReader(filepath_or_buffer, **kwds)
  File "/Library/Frameworks/Python.framework/Versions/3.13/lib/python3.13/site-packages/pandas/io/parsers/readers.py", line 1645, in __init__
    self._engine = self._make_engine(f, self.engine)
                   ~~~~~~~~~~~~~~~~~^^^^^^^^^^^^^^^^
  File "/Library/Frameworks/Python.framework/Versions/3.13/lib/python3.13/site-packages/pandas/io/parsers/readers.py", line 1904, in _make_engine
    self.handles = get_handle(
                   ~~~~~~~~~~^
        f,
        ^^
    ...<6 lines>...
        storage_options=self.options.get("storage_options", None),
        ^^^^^^^^^^^^^^^^^^^^^^^^^^^^^^^^^^^^^^^^^^^^^^^^^^^^^^^^^^
    )
    ^
  File "/Library/Frameworks/Python.framework/Versions/3.13/lib/python3.13/site-packages/pandas/io/common.py", line 772, in get_handle
    ioargs = _get_filepath_or_buffer(
        path_or_buf,
    ...<3 lines>...
        storage_options=storage_options,
    )
  File "/Library/Frameworks/Python.framework/Versions/3.13/lib/python3.13/site-packages/pandas/io/common.py", line 404, in _get_filepath_or_buffer
    with urlopen(req_info) as req:
         ~~~~~~~^^^^^^^^^^
  File "/Library/Frameworks/Python.framework/Versions/3.13/lib/python3.13/site-packages/pandas/io/common.py", line 281, in urlopen
    return urllib.request.urlopen(*args, **kwargs)  # noqa: TID251
           ~~~~~~~~~~~~~~~~~~~~~~^^^^^^^^^^^^^^^^^
  File "/Library/Frameworks/Python.framework/Versions/3.13/lib/python3.13/urllib/request.py", line 189, in urlopen
    return opener.open(url, data, timeout)
           ~~~~~~~~~~~^^^^^^^^^^^^^^^^^^^^
  File "/Library/Frameworks/Python.framework/Versions/3.13/lib/python3.13/urllib/request.py", line 489, in open
    response = self._open(req, data)
  File "/Library/Frameworks/Python.framework/Versions/3.13/lib/python3.13/urllib/request.py", line 506, in _open
    result = self._call_chain(self.handle_open, protocol, protocol +
                              '_open', req)
  File "/Library/Frameworks/Python.framework/Versions/3.13/lib/python3.13/urllib/request.py", line 466, in _call_chain
    result = func(*args)
  File "/Library/Frameworks/Python.framework/Versions/3.13/lib/python3.13/urllib/request.py", line 1367, in https_open
    return self.do_open(http.client.HTTPSConnection, req,
           ~~~~~~~~~~~~^^^^^^^^^^^^^^^^^^^^^^^^^^^^^^^^^^
                        context=self._context)
                        ^^^^^^^^^^^^^^^^^^^^^^
  File "/Library/Frameworks/Python.framework/Versions/3.13/lib/python3.13/urllib/request.py", line 1322, in do_open
    raise URLError(err)
urllib.error.URLError: <urlopen error [SSL: CERTIFICATE_VERIFY_FAILED] certificate verify failed: unable to get local issuer certificate (_ssl.c:1028)>
dan@MacBookPro multi-disease-prediction % ls -la download_datasets.py
-rw-r--r--@ 1 dan  staff  1402 23 Feb 18:59 download_datasets.py
dan@MacBookPro multi-disease-prediction % rm download_datasets.py
dan@MacBookPro multi-disease-prediction % nano download_datasets.py

  UW PICO 5.09                                       File: download_datasets.py                                        Modified  

# download_datasets.py
import pandas as pd
import os

print("="*60)
print("üì• DOWNLOADING DATASETS")
print("="*60)

# Create folders
os.makedirs('data/raw', exist_ok=True)

# 1. DIABETES
print("\n1. Diabetes Dataset...")
url = "https://raw.githubusercontent.com/jbrownlee/Datasets/master/pima-indians-diabetes.data.csv"
columns = ['Pregnancies', 'Glucose', 'BloodPressure', 'SkinThickness',
           'Insulin', 'BMI', 'DiabetesPedigreeFunction', 'Age', 'Outcome']
df = pd.read_csv(url, names=columns)
df.to_csv('data/raw/diabetes.csv', index=False)
print(f"   ‚úÖ Saved: {df.shape[0]} rows")

# 2. HEART DISEASE
print("\n2. Heart Disease Dataset...")
url = "https://archive.ics.uci.edu/ml/machine-learning-databases/heart-disease/processed.cleveland.data"
columns = ['age', 'sex', 'cp', 'trestbps', 'chol', 'fbs', 'restecg',
           'thalach', 'exang', 'oldpeak', 'slope', 'ca', 'thal', 'target']
df = pd.read_csv(url, names=columns, na_values='?')
df.to_csv('data/raw/heart.csv', index=False)
print(f"   ‚úÖ Saved: {df.shape[0]} rows")

# 3. PARKINSON'S
print("\n3. Parkinson's Dataset...")
url = "https://archive.ics.uci.edu/ml/machine-learning-databases/parkinsons/parkinsons.data"
df = pd.read_csv(url)
df.to_csv('data/raw/parkinsons.csv', index=False)
print(f"   ‚úÖ Saved: {df.shape[0]} rows")

print("\n" + "="*60)
print("‚úÖ ALL DATASETS DOWNLOADED!")
print("üìÅ Location: data/raw/")






^G Get Help          ^O WriteOut          ^R Read File         ^Y Prev Pg           ^K Cut Text          ^C Cur Pos           
^X Exit              ^J Justify           ^W Where is          ^V Next Pg           ^U UnCut Text        ^T To Spell          
